src/routes/chat.ts(38,5): error TS7030: Not all code paths return a value.
src/routes/decisions.ts(143,19): error TS6133: 'teamId' is declared but its value is never read.
src/routes/decisions.ts(144,19): error TS6133: 'hash' is declared but its value is never read.
src/routes/integrations.ts(19,51): error TS6133: 'req' is declared but its value is never read.
src/routes/integrations.ts(37,52): error TS6133: 'req' is declared but its value is never read.
src/routes/notifications.ts(134,19): error TS6133: '_teamId' is declared but its value is never read.
src/routes/oracle.ts(30,5): error TS7030: Not all code paths return a value.
src/routes/oracle.ts(77,5): error TS7030: Not all code paths return a value.
src/routes/settings.ts(113,27): error TS6133: 'error' is declared but its value is never read.
src/routes/teams.ts(24,49): error TS7030: Not all code paths return a value.
src/routes/teams.ts(27,15): error TS6133: 'userId' is declared but its value is never read.
src/routes/teams.ts(53,62): error TS7030: Not all code paths return a value.
src/routes/teams.ts(113,85): error TS7030: Not all code paths return a value.
src/routes/teams.ts(146,97): error TS7030: Not all code paths return a value.
src/routes/teams.ts(175,95): error TS7030: Not all code paths return a value.
src/routes/upload.ts(34,5): error TS7030: Not all code paths return a value.
src/routes/upload.ts(77,5): error TS7030: Not all code paths return a value.
src/routes/upload.ts(88,21): error TS2339: Property 'team_id' does not exist on type 'JobStatus'.
src/server.ts(64,10): error TS6133: 'req' is declared but its value is never read.
src/server.ts(69,22): error TS6133: 'req' is declared but its value is never read.
src/server.ts(69,67): error TS6133: 'next' is declared but its value is never read.
src/services/analytics.ts(31,7): error TS6133: 'RESOLUTION_THRESHOLD_DAYS' is declared but its value is never read.
src/services/job-queue.ts(11,1): error TS6133: 'JobStatus' is declared but its value is never read.
src/services/strategic-pulse.ts(316,9): error TS6133: 'decisions' is declared but its value is never read.
